node.exe : PASS tests/calculator.test.js
At C:\Program Files\nodejs\npm.ps1:29 char:3
+   & $NODE_EXE $NPM_CLI_JS $args
+   ~~~~~~~~~~~~~~~~~~~~~~~~~~~~~
    + CategoryInfo          : NotSpecified: (PASS tests/calculator.test.js:String) [], RemoteException
    + FullyQualifiedErrorId : NativeCommandError
 
  compute
    ΓêÜ adds (1 ms)
    ΓêÜ subs
    ΓêÜ multiplies
    ΓêÜ divides
    ΓêÜ divide by zero (1 ms)

Test Suites: 1 passed, 1 total
Tests:       5 passed, 5 total
Snapshots:   0 total
Time:        4.04 s
Ran all test suites.
